// Jest Snapshot v1, https://goo.gl/fbAQLP

exports[`the MissionCard snapshot and react testing library renders correctly 1`] = `
Object {
  "asFragment": [Function],
  "baseElement": <body>
    <div>
      <div>
        <nav
          class="navContainer"
        >
          <div
            class="logoHolder"
          >
            <img
              alt="Ghibli logo"
              class="logo"
              src="ghibli.png"
            />
            <h1
              class="title"
            >
              NASA's Astronomy Picture of the Day
            </h1>
          </div>
        </nav>
        <main>
          <section
            class="allFilms"
          >
            <div
              class="allFilmsHeader"
            >
              <h1
                class="sectionTitle"
              >
                Pictures
              </h1>
              <button
                class="searchBtn"
                type="button"
              >
                Load/Refresh
              </button>
            </div>
            <div
              class="loading"
            >
              <h2
                class="loadingMessage"
              >
                Click 'load/refresh' to see some beautiful pictures!
              </h2>
            </div>
          </section>
        </main>
      </div>
    </div>
  </body>,
  "container": <div>
    <div>
      <nav
        class="navContainer"
      >
        <div
          class="logoHolder"
        >
          <img
            alt="Ghibli logo"
            class="logo"
            src="ghibli.png"
          />
          <h1
            class="title"
          >
            NASA's Astronomy Picture of the Day
          </h1>
        </div>
      </nav>
      <main>
        <section
          class="allFilms"
        >
          <div
            class="allFilmsHeader"
          >
            <h1
              class="sectionTitle"
            >
              Pictures
            </h1>
            <button
              class="searchBtn"
              type="button"
            >
              Load/Refresh
            </button>
          </div>
          <div
            class="loading"
          >
            <h2
              class="loadingMessage"
            >
              Click 'load/refresh' to see some beautiful pictures!
            </h2>
          </div>
        </section>
      </main>
    </div>
  </div>,
  "debug": [Function],
  "findAllByAltText": [Function],
  "findAllByDisplayValue": [Function],
  "findAllByLabelText": [Function],
  "findAllByPlaceholderText": [Function],
  "findAllByRole": [Function],
  "findAllByTestId": [Function],
  "findAllByText": [Function],
  "findAllByTitle": [Function],
  "findByAltText": [Function],
  "findByDisplayValue": [Function],
  "findByLabelText": [Function],
  "findByPlaceholderText": [Function],
  "findByRole": [Function],
  "findByTestId": [Function],
  "findByText": [Function],
  "findByTitle": [Function],
  "getAllByAltText": [Function],
  "getAllByDisplayValue": [Function],
  "getAllByLabelText": [Function],
  "getAllByPlaceholderText": [Function],
  "getAllByRole": [Function],
  "getAllByTestId": [Function],
  "getAllByText": [Function],
  "getAllByTitle": [Function],
  "getByAltText": [Function],
  "getByDisplayValue": [Function],
  "getByLabelText": [Function],
  "getByPlaceholderText": [Function],
  "getByRole": [Function],
  "getByTestId": [Function],
  "getByText": [Function],
  "getByTitle": [Function],
  "queryAllByAltText": [Function],
  "queryAllByDisplayValue": [Function],
  "queryAllByLabelText": [Function],
  "queryAllByPlaceholderText": [Function],
  "queryAllByRole": [Function],
  "queryAllByTestId": [Function],
  "queryAllByText": [Function],
  "queryAllByTitle": [Function],
  "queryByAltText": [Function],
  "queryByDisplayValue": [Function],
  "queryByLabelText": [Function],
  "queryByPlaceholderText": [Function],
  "queryByRole": [Function],
  "queryByTestId": [Function],
  "queryByText": [Function],
  "queryByTitle": [Function],
  "rerender": [Function],
  "unmount": [Function],
}
`;
